#Build: Fabric Compiler 2022.2-SP6.4, Build 146967, Jan 31 01:39 2024
#Install: C:\Program Files\Pango\PDS_2022.2-SP6.4\bin
#Application name: pds.exe
#OS: Windows 10 10.0.26200
#Hostname: AXeonV-Laptop
Generated by Fabric Compiler (version 2022.2-SP6.4 build 146967) at Fri Sep 18 11:47:02 2026
Parse module hierarchy of project 'C:/Users/Admin/Workspace/DIC-demo/lab/temp_projects/Main_Flow/Main_Flow.pds' (TEXT Parser)
File "C:/Users/Admin/Workspace/DIC-demo/lab/source/Lab2_Task1.v" has been added to project successfully. 
Parse module hierarchy of project 'C:/Users/Admin/Workspace/DIC-demo/lab/temp_projects/Main_Flow/Main_Flow.pds' (ADS Parser)
Parse module hierarchy of project 'C:/Users/Admin/Workspace/DIC-demo/lab/temp_projects/Main_Flow/Main_Flow.pds' (ADS Parser)
I: Flow-6004: Design file modified: "C:/Users/Admin/Workspace/DIC-demo/lab/source/Lab2_Task1.v". 
Parse module hierarchy of project 'C:/Users/Admin/Workspace/DIC-demo/lab/temp_projects/Main_Flow/Main_Flow.pds' (ADS Parser)
I: Flow-6004: Design file modified: "C:/Users/Admin/Workspace/DIC-demo/lab/source/Lab2_Task1.v". 
E: [C:/Users/Admin/Workspace/DIC-demo/lab/source/Lab2_Task1.v(line number: 3)] Array port out is not supported. Enable SystemVerilog features first.
E: Verilog-4005: [C:/Users/Admin/Workspace/DIC-demo/lab/source/Lab2_Task1.v(line number: 3)] Syntax error near out
E: Verilog-4163: [C:/Users/Admin/Workspace/DIC-demo/lab/source/Lab2_Task1.v(line number: 3)] Global declarations are illegal in verilog, Enable SystemVerilog features first.
E: Parsing ERROR.
E: Top module resolving failed.
Parse module hierarchy of project 'C:/Users/Admin/Workspace/DIC-demo/lab/temp_projects/Main_Flow/Main_Flow.pds' (ADS Parser)
I: Flow-6004: Design file modified: "C:/Users/Admin/Workspace/DIC-demo/lab/source/Lab2_Task1.v". 
Parse module hierarchy of project 'C:/Users/Admin/Workspace/DIC-demo/lab/temp_projects/Main_Flow/Main_Flow.pds' (ADS Parser)
I: Flow-6004: Design file modified: "C:/Users/Admin/Workspace/DIC-demo/lab/source/Lab2_Task1.v". 
Parse module hierarchy of project 'C:/Users/Admin/Workspace/DIC-demo/lab/temp_projects/Main_Flow/Main_Flow.pds' (ADS Parser)
I: Flow-6004: Design file modified: "C:/Users/Admin/Workspace/DIC-demo/lab/source/Lab2_Task1.v". 
Parse module hierarchy of project 'C:/Users/Admin/Workspace/DIC-demo/lab/temp_projects/Main_Flow/Main_Flow.pds' (ADS Parser)
I: Flow-6004: Design file modified: "C:/Users/Admin/Workspace/DIC-demo/lab/source/Lab2_Task1.v". 
Parse module hierarchy of project 'C:/Users/Admin/Workspace/DIC-demo/lab/temp_projects/Main_Flow/Main_Flow.pds' (ADS Parser)
I: Flow-6004: Design file modified: "C:/Users/Admin/Workspace/DIC-demo/lab/source/Lab2_Task1.v". 
