#Build: Fabric Compiler 2022.2-SP6.4, Build 146967, Jan 31 01:39 2024
#Install: C:\Program Files\Pango\PDS_2022.2-SP6.4\bin
#Application name: pds.exe
#OS: Windows 10 10.0.26200
#Hostname: AXeonV-Laptop
Generated by Fabric Compiler (version 2022.2-SP6.4 build 146967) at Fri Sep 18 13:17:59 2026
Parse module hierarchy of project 'C:/Users/Admin/Workspace/DIC-demo/lab/temp_projects/Main_Flow/Main_Flow.pds' (ADS Parser)
File "C:/Users/Admin/Workspace/DIC-demo/lab/source/tb_Lab2_Task1.v" has been added to project successfully. 
Parse module hierarchy of project 'C:/Users/Admin/Workspace/DIC-demo/lab/temp_projects/Main_Flow/Main_Flow.pds' (ADS Parser)


Process "Compile" started.
Current time: Fri Sep 18 13:18:39 2026
Compiling architecture definition.
Analyzing project file 'C:/Users/Admin/Workspace/DIC-demo/lab/lab.pds'.
License checkout: fabric_ads from C:\Program Files\Pango\license\new_pds_F4A80DA47D72.lic
Compiling verification operator library.
Loading technology operator library.
Compiling technology operator library.
Compiling technology operator (valence) library.
I: Enable Verilog2k features and keywords
Start rtl-analyze.
Executing : .rtl_analyze -work work -include_path {C:/Users/Admin/Workspace/DIC-demo/lab} C:/Users/Admin/Workspace/DIC-demo/lab/source/Lab2_Task1.v
I: Verilog-0001: Analyzing file C:/Users/Admin/Workspace/DIC-demo/lab/source/Lab2_Task1.v
I: Verilog-0002: [C:/Users/Admin/Workspace/DIC-demo/lab/source/Lab2_Task1.v(line number: 1)] Analyzing module Lab2_Task1 (library work)
Parsing done.
Executing : .rtl_analyze -work work -include_path {C:/Users/Admin/Workspace/DIC-demo/lab} C:/Users/Admin/Workspace/DIC-demo/lab/source/Lab2_Task1.v successfully.
I: Module "Lab2_Task1" is set as top module.
Executing : rtl-analyze successfully. Time elapsed: 1.039s wall, 0.000s user + 0.000s system = 0.000s CPU (n/a%)

Start rtl-elaborate.
I: Verilog-0003: [C:/Users/Admin/Workspace/DIC-demo/lab/source/Lab2_Task1.v(line number: 1)] Elaborating module Lab2_Task1
Executing : rtl-elaborate successfully. Time elapsed: 0.000s wall, 0.000s user + 0.000s system = 0.000s CPU (n/a%)

Start rtl-prep.
Executing : rtl-prep successfully. Time elapsed: 0.000s wall, 0.000s user + 0.000s system = 0.000s CPU (n/a%)

Start rtl-infer.
Start DFF-inference.
Executing : DFF-inference successfully.
Executing : rtl-infer successfully. Time elapsed: 0.000s wall, 0.000s user + 0.000s system = 0.000s CPU (n/a%)

Start rtl-control-opt.
Executing : rtl-control-opt successfully. Time elapsed: 0.000s wall, 0.000s user + 0.000s system = 0.000s CPU (n/a%)

Start rtl-data-opt.
Executing : rtl-data-opt successfully. Time elapsed: 0.000s wall, 0.000s user + 0.000s system = 0.000s CPU (n/a%)

Start FSM inference.
Executing : FSM inference successfully. Time elapsed: 0.000s wall, 0.000s user + 0.000s system = 0.000s CPU (n/a%)

Start sdm2adm.
Executing : sdm2adm successfully. Time elapsed: 0.010s wall, 0.000s user + 0.000s system = 0.000s CPU (n/a%)

Saving design to DB.
Action compile: Real time elapsed is 0h:0m:2s
Action compile: CPU time elapsed is 0h:0m:0s
Action compile: Process CPU time elapsed is 0h:0m:0s
Current time: Fri Sep 18 13:18:40 2026
Action compile: Peak memory pool usage is 139 MB
Action from compile to compile: Total Real Time elapsed is 0h:0m:2s
Action from compile to compile: Total CPU time elapsed is 0h:0m:0s
Action from compile to compile: Total Process CPU Time elapsed is 0h:0m:0s
Process "Compile" done.


Process "Synthesize" started.
Current time: Fri Sep 18 13:18:40 2026
Compiling architecture definition.
Analyzing project file 'C:/Users/Admin/Workspace/DIC-demo/lab/lab.pds'.
License checkout: fabric_ads from C:\Program Files\Pango\license\new_pds_F4A80DA47D72.lic
Compiling verification operator library.
Compiling common defs.
Loading technology operator library.
Compiling technology operator library.
Compiling technology operator (valence) library.
Reading design from compile DB
Reading design from compile DB successfully.
NOTE: The technology fpga was specified.
NOTE: delay_model specified was generic_cmos.
NOTE: Using the fpga syntax tables...
Totals:
 Calls to malloc = 0
 Calls to calloc = 351433

Constraint check start.
W: ConstraintEditor-4019: Port Bus 'in' unspecified I/O constraint.
W: ConstraintEditor-4019: Port Bus 'out' unspecified I/O constraint.
Constraint check end.

Start pre-mapping.
Executing : pre-mapping successfully. Time elapsed: 0.026s wall, 0.000s user + 0.000s system = 0.000s CPU (n/a%)

Start mod-gen.
Executing : mod-gen successfully. Time elapsed: 0.006s wall, 0.000s user + 0.000s system = 0.000s CPU (n/a%)

Start logic-optimization.
Executing : logic-optimization successfully. Time elapsed: 0.016s wall, 0.016s user + 0.000s system = 0.016s CPU (100.1%)

Start tech-mapping phase 1.
Executing : tech-mapping phase 1 successfully. Time elapsed: 0.000s wall, 0.000s user + 0.000s system = 0.000s CPU (n/a%)

Start tech-mapping phase 2.
Executing : tech-mapping phase 2 successfully. Time elapsed: 0.014s wall, 0.000s user + 0.031s system = 0.031s CPU (225.3%)

Start tech-optimization.
Executing : tech-optimization successfully. Time elapsed: 0.001s wall, 0.000s user + 0.000s system = 0.000s CPU (n/a%)

Start phys-optimization.
Executing : phys-optimization successfully. Time elapsed: 0.000s wall, 0.000s user + 0.000s system = 0.000s CPU (n/a%)

Start restore-hierarchy.
Executing : restore-hierarchy successfully. Time elapsed: 0.000s wall, 0.000s user + 0.000s system = 0.000s CPU (n/a%)


Cell Usage:
GTP_GRS                       1 use
GTP_LUT3                      2 uses

I/O ports: 5
GTP_INBUF                   3 uses
GTP_OUTBUF                  2 uses

Mapping Summary:
Total LUTs: 2 of 17536 (0.01%)
	LUTs as dram: 0 of 4440 (0.00%)
	LUTs as logic: 2
Total Registers: 0 of 26304 (0.00%)
Total Latches: 0

DRM18K:
Total DRM18K = 0.0 of 48 (0.00%)

APMs:
Total APMs = 0.00 of 30 (0.00%)

Total I/O ports = 5 of 240 (2.08%)


Overview of Control Sets:

Number of unique control sets : 0

Histogram:
*************************************************************
  Fanout     | Count    | Sync Set/Reset    Async Set/Reset
-------------------------------------------------------------
  [0, Inf)   | 0        | 0                 0
-------------------------------------------------------------
  The maximum fanout: 0
=============================================================

Flip-Flop Distribution:
************************************************************************
  Clock Enable    Sync Set/Reset    Async Set/Reset    Total Registers
------------------------------------------------------------------------
  NO              NO                NO                 0
  NO              NO                YES                0
  NO              YES               NO                 0
  YES             NO                NO                 0
  YES             NO                YES                0
  YES             YES               NO                 0
========================================================================

Latch Distribution:
************************************************
  Gate Enable    Preset/Clear    Total Latches
************************************************
  NO             NO              0
  NO             YES             0
  YES            NO              0
  YES            YES             0
************************************************

Design 'Lab2_Task1' has been successfully synthesized to architecture-specific objects.
Saving design to DB.
Saving design to Lab2_Task1_syn.vm
Constructing timing graph ...
Timing graph has been constructed successfully
W: Timing-4087: Port 'out[0]' is not constrained, it is treated as combinational output.
W: Timing-4087: Port 'out[1]' is not constrained, it is treated as combinational output.
W: Timing-4086: Port 'in[0]' is not constrained, it is treated as combinational input.
W: Timing-4086: Port 'in[1]' is not constrained, it is treated as combinational input.
W: Timing-4086: Port 'in[2]' is not constrained, it is treated as combinational input.
Action synthesize: Real time elapsed is 0h:0m:2s
Action synthesize: CPU time elapsed is 0h:0m:0s
Action synthesize: Process CPU time elapsed is 0h:0m:0s
Current time: Fri Sep 18 13:18:41 2026
Action synthesize: Peak memory pool usage is 155 MB
Action from compile to synthesize: Total Real Time elapsed is 0h:0m:4s
Action from compile to synthesize: Total CPU time elapsed is 0h:0m:0s
Action from compile to synthesize: Total Process CPU Time elapsed is 0h:0m:0s
Process "Synthesize" done.
Compiling technology operator (valence) library.
Parse module hierarchy of project 'C:/Users/Admin/Workspace/DIC-demo/lab/temp_projects/Main_Flow/Main_Flow.pds' (ADS Parser)
I: Flow-6004: Design file modified: "C:/Users/Admin/Workspace/DIC-demo/lab/source/Lab2_Task1.v". 


Process "Compile" started.
Current time: Fri Sep 18 13:19:39 2026
Compiling architecture definition.
Analyzing project file 'C:/Users/Admin/Workspace/DIC-demo/lab/lab.pds'.
License checkout: fabric_ads from C:\Program Files\Pango\license\new_pds_F4A80DA47D72.lic
Compiling verification operator library.
Loading technology operator library.
Compiling technology operator library.
Compiling technology operator (valence) library.
I: Enable Verilog2k features and keywords
Start rtl-analyze.
Executing : .rtl_analyze -work work -include_path {C:/Users/Admin/Workspace/DIC-demo/lab} C:/Users/Admin/Workspace/DIC-demo/lab/source/Lab2_Task1.v
I: Verilog-0001: Analyzing file C:/Users/Admin/Workspace/DIC-demo/lab/source/Lab2_Task1.v
I: Verilog-0002: [C:/Users/Admin/Workspace/DIC-demo/lab/source/Lab2_Task1.v(line number: 1)] Analyzing module Lab2_Task1 (library work)
Parsing done.
Executing : .rtl_analyze -work work -include_path {C:/Users/Admin/Workspace/DIC-demo/lab} C:/Users/Admin/Workspace/DIC-demo/lab/source/Lab2_Task1.v successfully.
I: Module "Lab2_Task1" is set as top module.
Executing : rtl-analyze successfully. Time elapsed: 1.062s wall, 0.000s user + 0.000s system = 0.000s CPU (n/a%)

Start rtl-elaborate.
I: Verilog-0003: [C:/Users/Admin/Workspace/DIC-demo/lab/source/Lab2_Task1.v(line number: 1)] Elaborating module Lab2_Task1
W: Verilog-2025: [C:/Users/Admin/Workspace/DIC-demo/lab/source/Lab2_Task1.v(line number: 1)] Give an initial value for the no drive output pin out bit 2 in graph of sdm module Lab2_Task1
Executing : rtl-elaborate successfully. Time elapsed: 0.000s wall, 0.000s user + 0.000s system = 0.000s CPU (n/a%)

Start rtl-prep.
Executing : rtl-prep successfully. Time elapsed: 0.000s wall, 0.000s user + 0.000s system = 0.000s CPU (n/a%)

Start rtl-infer.
Start DFF-inference.
Executing : DFF-inference successfully.
Executing : rtl-infer successfully. Time elapsed: 0.000s wall, 0.000s user + 0.000s system = 0.000s CPU (n/a%)

Start rtl-control-opt.
Executing : rtl-control-opt successfully. Time elapsed: 0.000s wall, 0.000s user + 0.000s system = 0.000s CPU (n/a%)

Start rtl-data-opt.
Executing : rtl-data-opt successfully. Time elapsed: 0.000s wall, 0.000s user + 0.000s system = 0.000s CPU (n/a%)

Start FSM inference.
Executing : FSM inference successfully. Time elapsed: 0.000s wall, 0.000s user + 0.000s system = 0.000s CPU (n/a%)

Start sdm2adm.
Executing : sdm2adm successfully. Time elapsed: 0.003s wall, 0.000s user + 0.000s system = 0.000s CPU (n/a%)

Saving design to DB.
Action compile: Real time elapsed is 0h:0m:3s
Action compile: CPU time elapsed is 0h:0m:0s
Action compile: Process CPU time elapsed is 0h:0m:0s
Current time: Fri Sep 18 13:19:41 2026
Action compile: Peak memory pool usage is 139 MB
Action from compile to compile: Total Real Time elapsed is 0h:0m:3s
Action from compile to compile: Total CPU time elapsed is 0h:0m:0s
Action from compile to compile: Total Process CPU Time elapsed is 0h:0m:0s
Process "Compile" done.
Compiling verification operator library.
Compiling technology operator (valence) library.
Parse module hierarchy of project 'C:/Users/Admin/Workspace/DIC-demo/lab/temp_projects/Main_Flow/Main_Flow.pds' (ADS Parser)
I: Flow-6004: Design file modified: "C:/Users/Admin/Workspace/DIC-demo/lab/source/Lab2_Task1.v". 
Parse module hierarchy of project 'C:/Users/Admin/Workspace/DIC-demo/lab/temp_projects/Main_Flow/Main_Flow.pds' (ADS Parser)


Process "Synthesize" started.
Current time: Fri Sep 18 13:21:07 2026
Compiling architecture definition.
Analyzing project file 'C:/Users/Admin/Workspace/DIC-demo/lab/lab.pds'.
License checkout: fabric_ads from C:\Program Files\Pango\license\new_pds_F4A80DA47D72.lic
Compiling verification operator library.
Compiling common defs.
Loading technology operator library.
Compiling technology operator library.
Compiling technology operator (valence) library.
Reading design from compile DB
Reading design from compile DB successfully.
NOTE: The technology fpga was specified.
NOTE: delay_model specified was generic_cmos.
NOTE: Using the fpga syntax tables...
Totals:
 Calls to malloc = 0
 Calls to calloc = 351433

Constraint check start.
W: ConstraintEditor-4019: Port Bus 'in' unspecified I/O constraint.
W: ConstraintEditor-4019: Port Bus 'out' unspecified I/O constraint.
Constraint check end.

Start pre-mapping.
Executing : pre-mapping successfully. Time elapsed: 0.021s wall, 0.000s user + 0.000s system = 0.000s CPU (n/a%)

Start mod-gen.
Executing : mod-gen successfully. Time elapsed: 0.005s wall, 0.000s user + 0.000s system = 0.000s CPU (n/a%)

Start logic-optimization.
Executing : logic-optimization successfully. Time elapsed: 0.008s wall, 0.016s user + 0.000s system = 0.016s CPU (187.3%)

Start tech-mapping phase 1.
Executing : tech-mapping phase 1 successfully. Time elapsed: 0.000s wall, 0.000s user + 0.000s system = 0.000s CPU (n/a%)

Start tech-mapping phase 2.
Executing : tech-mapping phase 2 successfully. Time elapsed: 0.015s wall, 0.031s user + 0.016s system = 0.047s CPU (307.1%)

Start tech-optimization.
Executing : tech-optimization successfully. Time elapsed: 0.002s wall, 0.000s user + 0.000s system = 0.000s CPU (n/a%)

Start phys-optimization.
Executing : phys-optimization successfully. Time elapsed: 0.000s wall, 0.000s user + 0.000s system = 0.000s CPU (n/a%)

Start restore-hierarchy.
Executing : restore-hierarchy successfully. Time elapsed: 0.000s wall, 0.000s user + 0.000s system = 0.000s CPU (n/a%)


Cell Usage:
GTP_GRS                       1 use
GTP_LUT3                      2 uses

I/O ports: 6
GTP_INBUF                   3 uses
GTP_OUTBUF                  2 uses
GTP_OUTBUFT                 1 use

Mapping Summary:
Total LUTs: 2 of 17536 (0.01%)
	LUTs as dram: 0 of 4440 (0.00%)
	LUTs as logic: 2
Total Registers: 0 of 26304 (0.00%)
Total Latches: 0

DRM18K:
Total DRM18K = 0.0 of 48 (0.00%)

APMs:
Total APMs = 0.00 of 30 (0.00%)

Total I/O ports = 6 of 240 (2.50%)


Overview of Control Sets:

Number of unique control sets : 0

Histogram:
*************************************************************
  Fanout     | Count    | Sync Set/Reset    Async Set/Reset
-------------------------------------------------------------
  [0, Inf)   | 0        | 0                 0
-------------------------------------------------------------
  The maximum fanout: 0
=============================================================

Flip-Flop Distribution:
************************************************************************
  Clock Enable    Sync Set/Reset    Async Set/Reset    Total Registers
------------------------------------------------------------------------
  NO              NO                NO                 0
  NO              NO                YES                0
  NO              YES               NO                 0
  YES             NO                NO                 0
  YES             NO                YES                0
  YES             YES               NO                 0
========================================================================

Latch Distribution:
************************************************
  Gate Enable    Preset/Clear    Total Latches
************************************************
  NO             NO              0
  NO             YES             0
  YES            NO              0
  YES            YES             0
************************************************

Design 'Lab2_Task1' has been successfully synthesized to architecture-specific objects.
Saving design to DB.
Saving design to Lab2_Task1_syn.vm
Constructing timing graph ...
Timing graph has been constructed successfully
W: Timing-4087: Port 'out[0]' is not constrained, it is treated as combinational output.
W: Timing-4087: Port 'out[1]' is not constrained, it is treated as combinational output.
W: Timing-4087: Port 'out[2]' is not constrained, it is treated as combinational output.
W: Timing-4086: Port 'in[0]' is not constrained, it is treated as combinational input.
W: Timing-4086: Port 'in[1]' is not constrained, it is treated as combinational input.
W: Timing-4086: Port 'in[2]' is not constrained, it is treated as combinational input.
Action synthesize: Real time elapsed is 0h:0m:1s
Action synthesize: CPU time elapsed is 0h:0m:0s
Action synthesize: Process CPU time elapsed is 0h:0m:0s
Current time: Fri Sep 18 13:21:07 2026
Action synthesize: Peak memory pool usage is 157 MB
Action from compile to synthesize: Total Real Time elapsed is 0h:0m:4s
Action from compile to synthesize: Total CPU time elapsed is 0h:0m:0s
Action from compile to synthesize: Total Process CPU Time elapsed is 0h:0m:0s
Process "Synthesize" done.


Process "Compile" started.
Current time: Fri Sep 18 13:21:13 2026
Compiling architecture definition.
Analyzing project file 'C:/Users/Admin/Workspace/DIC-demo/lab/lab.pds'.
License checkout: fabric_ads from C:\Program Files\Pango\license\new_pds_F4A80DA47D72.lic
Compiling verification operator library.
Loading technology operator library.
Compiling technology operator library.
Compiling technology operator (valence) library.
I: Enable Verilog2k features and keywords
Start rtl-analyze.
Executing : .rtl_analyze -work work -include_path {C:/Users/Admin/Workspace/DIC-demo/lab} C:/Users/Admin/Workspace/DIC-demo/lab/source/Lab2_Task1.v
I: Verilog-0001: Analyzing file C:/Users/Admin/Workspace/DIC-demo/lab/source/Lab2_Task1.v
I: Verilog-0002: [C:/Users/Admin/Workspace/DIC-demo/lab/source/Lab2_Task1.v(line number: 1)] Analyzing module Lab2_Task1 (library work)
Parsing done.
Executing : .rtl_analyze -work work -include_path {C:/Users/Admin/Workspace/DIC-demo/lab} C:/Users/Admin/Workspace/DIC-demo/lab/source/Lab2_Task1.v successfully.
I: Module "Lab2_Task1" is set as top module.
Executing : rtl-analyze successfully. Time elapsed: 1.052s wall, 0.000s user + 0.000s system = 0.000s CPU (n/a%)

Start rtl-elaborate.
I: Verilog-0003: [C:/Users/Admin/Workspace/DIC-demo/lab/source/Lab2_Task1.v(line number: 1)] Elaborating module Lab2_Task1
Executing : rtl-elaborate successfully. Time elapsed: 0.000s wall, 0.000s user + 0.000s system = 0.000s CPU (n/a%)

Start rtl-prep.
Executing : rtl-prep successfully. Time elapsed: 0.000s wall, 0.000s user + 0.000s system = 0.000s CPU (n/a%)

Start rtl-infer.
Start DFF-inference.
Executing : DFF-inference successfully.
Executing : rtl-infer successfully. Time elapsed: 0.000s wall, 0.000s user + 0.000s system = 0.000s CPU (n/a%)

Start rtl-control-opt.
Executing : rtl-control-opt successfully. Time elapsed: 0.000s wall, 0.000s user + 0.000s system = 0.000s CPU (n/a%)

Start rtl-data-opt.
Executing : rtl-data-opt successfully. Time elapsed: 0.000s wall, 0.000s user + 0.000s system = 0.000s CPU (n/a%)

Start FSM inference.
Executing : FSM inference successfully. Time elapsed: 0.000s wall, 0.000s user + 0.000s system = 0.000s CPU (n/a%)

Start sdm2adm.
Executing : sdm2adm successfully. Time elapsed: 0.003s wall, 0.016s user + 0.000s system = 0.016s CPU (526.1%)

Saving design to DB.
Action compile: Real time elapsed is 0h:0m:3s
Action compile: CPU time elapsed is 0h:0m:0s
Action compile: Process CPU time elapsed is 0h:0m:0s
Current time: Fri Sep 18 13:21:15 2026
Action compile: Peak memory pool usage is 139 MB
Action from compile to compile: Total Real Time elapsed is 0h:0m:3s
Action from compile to compile: Total CPU time elapsed is 0h:0m:0s
Action from compile to compile: Total Process CPU Time elapsed is 0h:0m:0s
Process "Compile" done.


Process "Synthesize" started.
Current time: Fri Sep 18 13:21:15 2026
Compiling architecture definition.
Analyzing project file 'C:/Users/Admin/Workspace/DIC-demo/lab/lab.pds'.
License checkout: fabric_ads from C:\Program Files\Pango\license\new_pds_F4A80DA47D72.lic
Compiling verification operator library.
Compiling common defs.
Loading technology operator library.
Compiling technology operator library.
Compiling technology operator (valence) library.
Reading design from compile DB
Reading design from compile DB successfully.
NOTE: The technology fpga was specified.
NOTE: delay_model specified was generic_cmos.
NOTE: Using the fpga syntax tables...
Totals:
 Calls to malloc = 0
 Calls to calloc = 351433

Constraint check start.
W: ConstraintEditor-4019: Port Bus 'in' unspecified I/O constraint.
W: ConstraintEditor-4019: Port Bus 'out' unspecified I/O constraint.
Constraint check end.

Start pre-mapping.
Executing : pre-mapping successfully. Time elapsed: 0.021s wall, 0.000s user + 0.000s system = 0.000s CPU (n/a%)

Start mod-gen.
Executing : mod-gen successfully. Time elapsed: 0.006s wall, 0.047s user + 0.000s system = 0.047s CPU (828.1%)

Start logic-optimization.
Executing : logic-optimization successfully. Time elapsed: 0.012s wall, 0.000s user + 0.000s system = 0.000s CPU (n/a%)

Start tech-mapping phase 1.
Executing : tech-mapping phase 1 successfully. Time elapsed: 0.000s wall, 0.000s user + 0.000s system = 0.000s CPU (n/a%)

Start tech-mapping phase 2.
Executing : tech-mapping phase 2 successfully. Time elapsed: 0.015s wall, 0.000s user + 0.031s system = 0.031s CPU (205.0%)

Start tech-optimization.
Executing : tech-optimization successfully. Time elapsed: 0.002s wall, 0.031s user + 0.047s system = 0.078s CPU (4131.4%)

Start phys-optimization.
Executing : phys-optimization successfully. Time elapsed: 0.000s wall, 0.000s user + 0.000s system = 0.000s CPU (n/a%)

Start restore-hierarchy.
Executing : restore-hierarchy successfully. Time elapsed: 0.000s wall, 0.000s user + 0.000s system = 0.000s CPU (n/a%)


Cell Usage:
GTP_GRS                       1 use
GTP_LUT3                      2 uses

I/O ports: 5
GTP_INBUF                   3 uses
GTP_OUTBUF                  2 uses

Mapping Summary:
Total LUTs: 2 of 17536 (0.01%)
	LUTs as dram: 0 of 4440 (0.00%)
	LUTs as logic: 2
Total Registers: 0 of 26304 (0.00%)
Total Latches: 0

DRM18K:
Total DRM18K = 0.0 of 48 (0.00%)

APMs:
Total APMs = 0.00 of 30 (0.00%)

Total I/O ports = 5 of 240 (2.08%)


Overview of Control Sets:

Number of unique control sets : 0

Histogram:
*************************************************************
  Fanout     | Count    | Sync Set/Reset    Async Set/Reset
-------------------------------------------------------------
  [0, Inf)   | 0        | 0                 0
-------------------------------------------------------------
  The maximum fanout: 0
=============================================================

Flip-Flop Distribution:
************************************************************************
  Clock Enable    Sync Set/Reset    Async Set/Reset    Total Registers
------------------------------------------------------------------------
  NO              NO                NO                 0
  NO              NO                YES                0
  NO              YES               NO                 0
  YES             NO                NO                 0
  YES             NO                YES                0
  YES             YES               NO                 0
========================================================================

Latch Distribution:
************************************************
  Gate Enable    Preset/Clear    Total Latches
************************************************
  NO             NO              0
  NO             YES             0
  YES            NO              0
  YES            YES             0
************************************************

Design 'Lab2_Task1' has been successfully synthesized to architecture-specific objects.
Saving design to DB.
Saving design to Lab2_Task1_syn.vm
Constructing timing graph ...
Timing graph has been constructed successfully
W: Timing-4087: Port 'out[0]' is not constrained, it is treated as combinational output.
W: Timing-4087: Port 'out[1]' is not constrained, it is treated as combinational output.
W: Timing-4086: Port 'in[0]' is not constrained, it is treated as combinational input.
W: Timing-4086: Port 'in[1]' is not constrained, it is treated as combinational input.
W: Timing-4086: Port 'in[2]' is not constrained, it is treated as combinational input.
Action synthesize: Real time elapsed is 0h:0m:2s
Action synthesize: CPU time elapsed is 0h:0m:0s
Action synthesize: Process CPU time elapsed is 0h:0m:0s
Current time: Fri Sep 18 13:21:16 2026
Action synthesize: Peak memory pool usage is 155 MB
Action from compile to synthesize: Total Real Time elapsed is 0h:0m:5s
Action from compile to synthesize: Total CPU time elapsed is 0h:0m:0s
Action from compile to synthesize: Total Process CPU Time elapsed is 0h:0m:0s
Process "Synthesize" done.
Compiling verification operator library.
Compiling technology operator (valence) library.
Parse module hierarchy of project 'C:/Users/Admin/Workspace/DIC-demo/lab/temp_projects/Main_Flow/Main_Flow.pds' (ADS Parser)
Parse module hierarchy of project 'C:/Users/Admin/Workspace/DIC-demo/lab/temp_projects/Main_Flow/Main_Flow.pds' (ADS Parser)
