#Build: Fabric Compiler 2022.2-SP6.4, Build 146967, Jan 31 01:39 2024
#Install: C:\Program Files\Pango\PDS_2022.2-SP6.4\bin
#Application name: pds.exe
#OS: Windows 10 10.0.26200
#Hostname: AXeonV-Laptop
Generated by Fabric Compiler (version 2022.2-SP6.4 build 146967) at Fri Sep 11 11:22:41 2026
Parse module hierarchy of project 'C:/Users/Admin/Workspace/DIC-demo/helloworld/temp_projects/Main_Flow/Main_Flow.pds' (TEXT Parser)
File "C:/Users/Admin/Workspace/DIC-demo/helloworld/source/Test.v" has been added to project successfully. 
Parse module hierarchy of project 'C:/Users/Admin/Workspace/DIC-demo/helloworld/temp_projects/Main_Flow/Main_Flow.pds' (ADS Parser)


Process "Compile" started.
Current time: Fri Sep 11 11:29:37 2026
Compiling architecture definition.
Analyzing project file 'C:/Users/Admin/Workspace/DIC-demo/helloworld/helloworld.pds'.
License checkout: fabric_ads from C:\Program Files\Pango\license\new_pds_F4A80DA47D72.lic
Compiling verification operator library.
Loading technology operator library.
Compiling technology operator library.
Compiling technology operator (valence) library.
I: Enable Verilog2k features and keywords
Start rtl-analyze.
Executing : .rtl_analyze -work work -include_path {C:/Users/Admin/Workspace/DIC-demo/helloworld} C:/Users/Admin/Workspace/DIC-demo/helloworld/source/Test.v
I: Verilog-0001: Analyzing file C:/Users/Admin/Workspace/DIC-demo/helloworld/source/Test.v
I: Verilog-0002: [C:/Users/Admin/Workspace/DIC-demo/helloworld/source/Test.v(line number: 1)] Analyzing module Test (library work)
Parsing done.
Executing : .rtl_analyze -work work -include_path {C:/Users/Admin/Workspace/DIC-demo/helloworld} C:/Users/Admin/Workspace/DIC-demo/helloworld/source/Test.v successfully.
I: Module "Test" is set as top module.
Executing : rtl-analyze successfully. Time elapsed: 1.696s wall, 0.016s user + 0.000s system = 0.016s CPU (0.9%)

Start rtl-elaborate.
I: Verilog-0003: [C:/Users/Admin/Workspace/DIC-demo/helloworld/source/Test.v(line number: 1)] Elaborating module Test
Executing : rtl-elaborate successfully. Time elapsed: 0.001s wall, 0.000s user + 0.000s system = 0.000s CPU (n/a%)

Start rtl-prep.
Executing : rtl-prep successfully. Time elapsed: 0.001s wall, 0.000s user + 0.000s system = 0.000s CPU (n/a%)

Start rtl-infer.
Start DFF-inference.
Executing : DFF-inference successfully.
Executing : rtl-infer successfully. Time elapsed: 0.001s wall, 0.016s user + 0.000s system = 0.016s CPU (n/a%)

Start rtl-control-opt.
Executing : rtl-control-opt successfully. Time elapsed: 0.000s wall, 0.000s user + 0.000s system = 0.000s CPU (n/a%)

Start rtl-data-opt.
Executing : rtl-data-opt successfully. Time elapsed: 0.000s wall, 0.000s user + 0.000s system = 0.000s CPU (n/a%)

Start FSM inference.
Executing : FSM inference successfully. Time elapsed: 0.000s wall, 0.000s user + 0.000s system = 0.000s CPU (n/a%)

Start sdm2adm.
Executing : sdm2adm successfully. Time elapsed: 0.023s wall, 0.000s user + 0.000s system = 0.000s CPU (n/a%)

Saving design to DB.
Action compile: Real time elapsed is 0h:0m:4s
Action compile: CPU time elapsed is 0h:0m:1s
Action compile: Process CPU time elapsed is 0h:0m:1s
Current time: Fri Sep 11 11:29:41 2026
Action compile: Peak memory pool usage is 139 MB
Action from compile to compile: Total Real Time elapsed is 0h:0m:4s
Action from compile to compile: Total CPU time elapsed is 0h:0m:1s
Action from compile to compile: Total Process CPU Time elapsed is 0h:0m:1s
Process "Compile" done.
File "C:/Users/Admin/Workspace/DIC-demo/helloworld/source/tb_Test.v" has been added to project successfully. 
Parse module hierarchy of project 'C:/Users/Admin/Workspace/DIC-demo/helloworld/temp_projects/Main_Flow/Main_Flow.pds' (ADS Parser)
W: No IP source file has been added to design or simulation category, no conflict. 
Parse module hierarchy of project 'C:/Users/Admin/Workspace/DIC-demo/helloworld/temp_projects/Main_Flow/Main_Flow.pds' (ADS Parser)
C: Flow-2001: Design file missing: "C:/Users/Admin/Workspace/DIC-demo/helloworld/source/tb_Test.v". 
E: Flow-0002: File 'C:/Users/Admin/Workspace/DIC-demo/helloworld/source/tb_Test.v' doesn't exist.
Parse module hierarchy of project 'C:/Users/Admin/Workspace/DIC-demo/helloworld/temp_projects/Main_Flow/Main_Flow.pds' (ADS Parser)
I: Flow-6004: Design file modified: "C:/Users/Admin/Workspace/DIC-demo/helloworld/source/tb_Test.v". 
W: Public-4009: File C:/Users/Admin/Workspace/DIC-demo/helloworld/source/tb_Test.v already exists.
Parse module hierarchy of project 'C:/Users/Admin/Workspace/DIC-demo/helloworld/temp_projects/Main_Flow/Main_Flow.pds' (ADS Parser)
C: Flow-2001: Design file missing: "C:/Users/Admin/Workspace/DIC-demo/helloworld/source/tb_Test.v". 
Parse module hierarchy of project 'C:/Users/Admin/Workspace/DIC-demo/helloworld/temp_projects/Main_Flow/Main_Flow.pds' (ADS Parser)
I: Flow-6004: Design file modified: "C:/Users/Admin/Workspace/DIC-demo/helloworld/source/tb_Test.v". 
File "C:/Users/Admin/Workspace/DIC-demo/helloworld/source/tb_Test.v" has been added to project successfully. 
Parse module hierarchy of project 'C:/Users/Admin/Workspace/DIC-demo/helloworld/temp_projects/Main_Flow/Main_Flow.pds' (ADS Parser)
Parse module hierarchy of project 'C:/Users/Admin/Workspace/DIC-demo/helloworld/temp_projects/Main_Flow/Main_Flow.pds' (ADS Parser)
I: Flow-6004: Design file modified: "C:/Users/Admin/Workspace/DIC-demo/helloworld/source/tb_Test.v". 
Parse module hierarchy of project 'C:/Users/Admin/Workspace/DIC-demo/helloworld/temp_projects/Main_Flow/Main_Flow.pds' (ADS Parser)
I: Flow-6004: Design file modified: "C:/Users/Admin/Workspace/DIC-demo/helloworld/source/tb_Test.v". 
Parse module hierarchy of project 'C:/Users/Admin/Workspace/DIC-demo/helloworld/temp_projects/Main_Flow/Main_Flow.pds' (ADS Parser)
Parse module hierarchy of project 'C:/Users/Admin/Workspace/DIC-demo/helloworld/temp_projects/Main_Flow/Main_Flow.pds' (ADS Parser)
I: Flow-6004: Design file modified: "C:/Users/Admin/Workspace/DIC-demo/helloworld/source/tb_Test.v". 
Parse module hierarchy of project 'C:/Users/Admin/Workspace/DIC-demo/helloworld/temp_projects/Main_Flow/Main_Flow.pds' (ADS Parser)
Parse module hierarchy of project 'C:/Users/Admin/Workspace/DIC-demo/helloworld/temp_projects/Main_Flow/Main_Flow.pds' (ADS Parser)
I: Flow-6004: Design file modified: "C:/Users/Admin/Workspace/DIC-demo/helloworld/source/tb_Test.v". 
Parse module hierarchy of project 'C:/Users/Admin/Workspace/DIC-demo/helloworld/temp_projects/Main_Flow/Main_Flow.pds' (ADS Parser)
Parse module hierarchy of project 'C:/Users/Admin/Workspace/DIC-demo/helloworld/temp_projects/Main_Flow/Main_Flow.pds' (ADS Parser)
I: Flow-6004: Design file modified: "C:/Users/Admin/Workspace/DIC-demo/helloworld/source/tb_Test.v". 
Parse module hierarchy of project 'C:/Users/Admin/Workspace/DIC-demo/helloworld/temp_projects/Main_Flow/Main_Flow.pds' (ADS Parser)


Process "Compile" started.
Current time: Fri Sep 11 11:39:12 2026
Compiling architecture definition.
Analyzing project file 'C:/Users/Admin/Workspace/DIC-demo/helloworld/helloworld.pds'.
License checkout: fabric_ads from C:\Program Files\Pango\license\new_pds_F4A80DA47D72.lic
Compiling verification operator library.
Loading technology operator library.
Compiling technology operator library.
Compiling technology operator (valence) library.
I: Enable Verilog2k features and keywords
Start rtl-analyze.
Executing : .rtl_analyze -work work -include_path {C:/Users/Admin/Workspace/DIC-demo/helloworld} C:/Users/Admin/Workspace/DIC-demo/helloworld/source/Test.v
I: Verilog-0001: Analyzing file C:/Users/Admin/Workspace/DIC-demo/helloworld/source/Test.v
I: Verilog-0002: [C:/Users/Admin/Workspace/DIC-demo/helloworld/source/Test.v(line number: 1)] Analyzing module Test (library work)
Parsing done.
Executing : .rtl_analyze -work work -include_path {C:/Users/Admin/Workspace/DIC-demo/helloworld} C:/Users/Admin/Workspace/DIC-demo/helloworld/source/Test.v successfully.
I: Module "Test" is set as top module.
Executing : rtl-analyze successfully. Time elapsed: 1.309s wall, 0.016s user + 0.000s system = 0.016s CPU (1.2%)

Start rtl-elaborate.
I: Verilog-0003: [C:/Users/Admin/Workspace/DIC-demo/helloworld/source/Test.v(line number: 1)] Elaborating module Test
Executing : rtl-elaborate successfully. Time elapsed: 0.001s wall, 0.000s user + 0.000s system = 0.000s CPU (n/a%)

Start rtl-prep.
Executing : rtl-prep successfully. Time elapsed: 0.001s wall, 0.000s user + 0.000s system = 0.000s CPU (n/a%)

Start rtl-infer.
Start DFF-inference.
Executing : DFF-inference successfully.
Executing : rtl-infer successfully. Time elapsed: 0.001s wall, 0.000s user + 0.000s system = 0.000s CPU (n/a%)

Start rtl-control-opt.
Executing : rtl-control-opt successfully. Time elapsed: 0.000s wall, 0.000s user + 0.000s system = 0.000s CPU (n/a%)

Start rtl-data-opt.
Executing : rtl-data-opt successfully. Time elapsed: 0.000s wall, 0.000s user + 0.000s system = 0.000s CPU (n/a%)

Start FSM inference.
Executing : FSM inference successfully. Time elapsed: 0.000s wall, 0.000s user + 0.000s system = 0.000s CPU (n/a%)

Start sdm2adm.
Executing : sdm2adm successfully. Time elapsed: 0.005s wall, 0.016s user + 0.000s system = 0.016s CPU (334.1%)

Saving design to DB.
Action compile: Real time elapsed is 0h:0m:3s
Action compile: CPU time elapsed is 0h:0m:0s
Action compile: Process CPU time elapsed is 0h:0m:0s
Current time: Fri Sep 11 11:39:14 2026
Action compile: Peak memory pool usage is 139 MB
Action from compile to compile: Total Real Time elapsed is 0h:0m:3s
Action from compile to compile: Total CPU time elapsed is 0h:0m:0s
Action from compile to compile: Total Process CPU Time elapsed is 0h:0m:0s
Process "Compile" done.


Process "Synthesize" started.
Current time: Fri Sep 11 11:39:59 2026
Compiling architecture definition.
Analyzing project file 'C:/Users/Admin/Workspace/DIC-demo/helloworld/helloworld.pds'.
License checkout: fabric_ads from C:\Program Files\Pango\license\new_pds_F4A80DA47D72.lic
Compiling verification operator library.
Compiling common defs.
Loading technology operator library.
Compiling technology operator library.
Compiling technology operator (valence) library.
Reading design from compile DB
Reading design from compile DB successfully.
NOTE: The technology fpga was specified.
NOTE: delay_model specified was generic_cmos.
NOTE: Using the fpga syntax tables...
Totals:
 Calls to malloc = 0
 Calls to calloc = 351433

Constraint check start.
W: ConstraintEditor-4019: Port 'a' unspecified I/O constraint.
W: ConstraintEditor-4019: Port 'b' unspecified I/O constraint.
W: ConstraintEditor-4019: Port 'c' unspecified I/O constraint.
W: ConstraintEditor-4019: Port 'out_and' unspecified I/O constraint.
W: ConstraintEditor-4019: Port 'out_or' unspecified I/O constraint.
W: ConstraintEditor-4019: Port 'out_xor' unspecified I/O constraint.
Constraint check end.

Start pre-mapping.
Executing : pre-mapping successfully. Time elapsed: 0.045s wall, 0.000s user + 0.016s system = 0.016s CPU (34.9%)

Start mod-gen.
Executing : mod-gen successfully. Time elapsed: 0.010s wall, 0.000s user + 0.000s system = 0.000s CPU (n/a%)

Start logic-optimization.
Executing : logic-optimization successfully. Time elapsed: 0.031s wall, 0.016s user + 0.000s system = 0.016s CPU (50.7%)

Start tech-mapping phase 1.
Executing : tech-mapping phase 1 successfully. Time elapsed: 0.000s wall, 0.000s user + 0.000s system = 0.000s CPU (n/a%)

Start tech-mapping phase 2.
Executing : tech-mapping phase 2 successfully. Time elapsed: 0.036s wall, 0.078s user + 0.016s system = 0.094s CPU (261.2%)

Start tech-optimization.
Executing : tech-optimization successfully. Time elapsed: 0.004s wall, 0.000s user + 0.000s system = 0.000s CPU (n/a%)

Start phys-optimization.
Executing : phys-optimization successfully. Time elapsed: 0.000s wall, 0.000s user + 0.000s system = 0.000s CPU (n/a%)

Start restore-hierarchy.
Executing : restore-hierarchy successfully. Time elapsed: 0.000s wall, 0.000s user + 0.000s system = 0.000s CPU (n/a%)


Cell Usage:
GTP_GRS                       1 use
GTP_LUT2                      3 uses

I/O ports: 6
GTP_INBUF                   2 uses
GTP_OUTBUF                  4 uses

Mapping Summary:
Total LUTs: 3 of 17536 (0.02%)
	LUTs as dram: 0 of 4440 (0.00%)
	LUTs as logic: 3
Total Registers: 0 of 26304 (0.00%)
Total Latches: 0

DRM18K:
Total DRM18K = 0.0 of 48 (0.00%)

APMs:
Total APMs = 0.00 of 30 (0.00%)

Total I/O ports = 6 of 240 (2.50%)


Overview of Control Sets:

Number of unique control sets : 0

Histogram:
*************************************************************
  Fanout     | Count    | Sync Set/Reset    Async Set/Reset
-------------------------------------------------------------
  [0, Inf)   | 0        | 0                 0
-------------------------------------------------------------
  The maximum fanout: 0
=============================================================

Flip-Flop Distribution:
************************************************************************
  Clock Enable    Sync Set/Reset    Async Set/Reset    Total Registers
------------------------------------------------------------------------
  NO              NO                NO                 0
  NO              NO                YES                0
  NO              YES               NO                 0
  YES             NO                NO                 0
  YES             NO                YES                0
  YES             YES               NO                 0
========================================================================

Latch Distribution:
************************************************
  Gate Enable    Preset/Clear    Total Latches
************************************************
  NO             NO              0
  NO             YES             0
  YES            NO              0
  YES            YES             0
************************************************

Design 'Test' has been successfully synthesized to architecture-specific objects.
Saving design to DB.
Saving design to Test_syn.vm
Constructing timing graph ...
Timing graph has been constructed successfully
W: Timing-4087: Port 'c' is not constrained, it is treated as combinational output.
W: Timing-4087: Port 'out_and' is not constrained, it is treated as combinational output.
W: Timing-4087: Port 'out_or' is not constrained, it is treated as combinational output.
W: Timing-4087: Port 'out_xor' is not constrained, it is treated as combinational output.
W: Timing-4086: Port 'a' is not constrained, it is treated as combinational input.
W: Timing-4086: Port 'b' is not constrained, it is treated as combinational input.
Action synthesize: Real time elapsed is 0h:0m:3s
Action synthesize: CPU time elapsed is 0h:0m:1s
Action synthesize: Process CPU time elapsed is 0h:0m:1s
Current time: Fri Sep 11 11:40:01 2026
Action synthesize: Peak memory pool usage is 154 MB
Action from compile to synthesize: Total Real Time elapsed is 0h:0m:6s
Action from compile to synthesize: Total CPU time elapsed is 0h:0m:1s
Action from compile to synthesize: Total Process CPU Time elapsed is 0h:0m:1s
Process "Synthesize" done.
File "C:/Users/Admin/Workspace/DIC-demo/helloworld/source/tb_Test.v" has been removed from project successfully. 
Parse module hierarchy of project 'C:/Users/Admin/Workspace/DIC-demo/helloworld/temp_projects/Main_Flow/Main_Flow.pds' (ADS Parser)


Process "Synthesize" started.
Current time: Fri Sep 11 11:40:44 2026
Compiling architecture definition.
Analyzing project file 'C:/Users/Admin/Workspace/DIC-demo/helloworld/helloworld.pds'.
License checkout: fabric_ads from C:\Program Files\Pango\license\new_pds_F4A80DA47D72.lic
Compiling verification operator library.
Compiling common defs.
Loading technology operator library.
Compiling technology operator library.
Compiling technology operator (valence) library.
Reading design from compile DB
Reading design from compile DB successfully.
NOTE: The technology fpga was specified.
NOTE: delay_model specified was generic_cmos.
NOTE: Using the fpga syntax tables...
Totals:
 Calls to malloc = 0
 Calls to calloc = 351433

Constraint check start.
W: ConstraintEditor-4019: Port 'a' unspecified I/O constraint.
W: ConstraintEditor-4019: Port 'b' unspecified I/O constraint.
W: ConstraintEditor-4019: Port 'c' unspecified I/O constraint.
W: ConstraintEditor-4019: Port 'out_and' unspecified I/O constraint.
W: ConstraintEditor-4019: Port 'out_or' unspecified I/O constraint.
W: ConstraintEditor-4019: Port 'out_xor' unspecified I/O constraint.
Constraint check end.

Start pre-mapping.
Executing : pre-mapping successfully. Time elapsed: 0.037s wall, 0.016s user + 0.000s system = 0.016s CPU (42.6%)

Start mod-gen.
Executing : mod-gen successfully. Time elapsed: 0.009s wall, 0.016s user + 0.000s system = 0.016s CPU (168.8%)

Start logic-optimization.
Executing : logic-optimization successfully. Time elapsed: 0.018s wall, 0.000s user + 0.016s system = 0.016s CPU (87.1%)

Start tech-mapping phase 1.
Executing : tech-mapping phase 1 successfully. Time elapsed: 0.000s wall, 0.000s user + 0.000s system = 0.000s CPU (n/a%)

Start tech-mapping phase 2.
Executing : tech-mapping phase 2 successfully. Time elapsed: 0.033s wall, 0.016s user + 0.016s system = 0.031s CPU (94.8%)

Start tech-optimization.
Executing : tech-optimization successfully. Time elapsed: 0.003s wall, 0.047s user + 0.016s system = 0.062s CPU (1948.3%)

Start phys-optimization.
Executing : phys-optimization successfully. Time elapsed: 0.000s wall, 0.000s user + 0.000s system = 0.000s CPU (n/a%)

Start restore-hierarchy.
Executing : restore-hierarchy successfully. Time elapsed: 0.000s wall, 0.000s user + 0.000s system = 0.000s CPU (n/a%)


Cell Usage:
GTP_GRS                       1 use
GTP_LUT2                      3 uses

I/O ports: 6
GTP_INBUF                   2 uses
GTP_OUTBUF                  4 uses

Mapping Summary:
Total LUTs: 3 of 17536 (0.02%)
	LUTs as dram: 0 of 4440 (0.00%)
	LUTs as logic: 3
Total Registers: 0 of 26304 (0.00%)
Total Latches: 0

DRM18K:
Total DRM18K = 0.0 of 48 (0.00%)

APMs:
Total APMs = 0.00 of 30 (0.00%)

Total I/O ports = 6 of 240 (2.50%)


Overview of Control Sets:

Number of unique control sets : 0

Histogram:
*************************************************************
  Fanout     | Count    | Sync Set/Reset    Async Set/Reset
-------------------------------------------------------------
  [0, Inf)   | 0        | 0                 0
-------------------------------------------------------------
  The maximum fanout: 0
=============================================================

Flip-Flop Distribution:
************************************************************************
  Clock Enable    Sync Set/Reset    Async Set/Reset    Total Registers
------------------------------------------------------------------------
  NO              NO                NO                 0
  NO              NO                YES                0
  NO              YES               NO                 0
  YES             NO                NO                 0
  YES             NO                YES                0
  YES             YES               NO                 0
========================================================================

Latch Distribution:
************************************************
  Gate Enable    Preset/Clear    Total Latches
************************************************
  NO             NO              0
  NO             YES             0
  YES            NO              0
  YES            YES             0
************************************************

Design 'Test' has been successfully synthesized to architecture-specific objects.
Saving design to DB.
Saving design to Test_syn.vm
Constructing timing graph ...
Timing graph has been constructed successfully
W: Timing-4087: Port 'c' is not constrained, it is treated as combinational output.
W: Timing-4087: Port 'out_and' is not constrained, it is treated as combinational output.
W: Timing-4087: Port 'out_or' is not constrained, it is treated as combinational output.
W: Timing-4087: Port 'out_xor' is not constrained, it is treated as combinational output.
W: Timing-4086: Port 'a' is not constrained, it is treated as combinational input.
W: Timing-4086: Port 'b' is not constrained, it is treated as combinational input.
Action synthesize: Real time elapsed is 0h:0m:2s
Action synthesize: CPU time elapsed is 0h:0m:1s
Action synthesize: Process CPU time elapsed is 0h:0m:1s
Current time: Fri Sep 11 11:40:45 2026
Action synthesize: Peak memory pool usage is 154 MB
Action from compile to synthesize: Total Real Time elapsed is 0h:0m:5s
Action from compile to synthesize: Total CPU time elapsed is 0h:0m:1s
Action from compile to synthesize: Total Process CPU Time elapsed is 0h:0m:1s
Process "Synthesize" done.


Process "Compile" started.
Current time: Fri Sep 11 11:40:51 2026
Compiling architecture definition.
Analyzing project file 'C:/Users/Admin/Workspace/DIC-demo/helloworld/helloworld.pds'.
License checkout: fabric_ads from C:\Program Files\Pango\license\new_pds_F4A80DA47D72.lic
Compiling verification operator library.
Loading technology operator library.
Compiling technology operator library.
Compiling technology operator (valence) library.
I: Enable Verilog2k features and keywords
Start rtl-analyze.
Executing : .rtl_analyze -work work -include_path {C:/Users/Admin/Workspace/DIC-demo/helloworld} C:/Users/Admin/Workspace/DIC-demo/helloworld/source/Test.v
I: Verilog-0001: Analyzing file C:/Users/Admin/Workspace/DIC-demo/helloworld/source/Test.v
I: Verilog-0002: [C:/Users/Admin/Workspace/DIC-demo/helloworld/source/Test.v(line number: 1)] Analyzing module Test (library work)
Parsing done.
Executing : .rtl_analyze -work work -include_path {C:/Users/Admin/Workspace/DIC-demo/helloworld} C:/Users/Admin/Workspace/DIC-demo/helloworld/source/Test.v successfully.
I: Module "Test" is set as top module.
Executing : rtl-analyze successfully. Time elapsed: 1.516s wall, 0.000s user + 0.000s system = 0.000s CPU (n/a%)

Start rtl-elaborate.
I: Verilog-0003: [C:/Users/Admin/Workspace/DIC-demo/helloworld/source/Test.v(line number: 1)] Elaborating module Test
Executing : rtl-elaborate successfully. Time elapsed: 0.001s wall, 0.000s user + 0.000s system = 0.000s CPU (n/a%)

Start rtl-prep.
Executing : rtl-prep successfully. Time elapsed: 0.000s wall, 0.000s user + 0.000s system = 0.000s CPU (n/a%)

Start rtl-infer.
Start DFF-inference.
Executing : DFF-inference successfully.
Executing : rtl-infer successfully. Time elapsed: 0.001s wall, 0.000s user + 0.000s system = 0.000s CPU (n/a%)

Start rtl-control-opt.
Executing : rtl-control-opt successfully. Time elapsed: 0.000s wall, 0.000s user + 0.000s system = 0.000s CPU (n/a%)

Start rtl-data-opt.
Executing : rtl-data-opt successfully. Time elapsed: 0.000s wall, 0.000s user + 0.000s system = 0.000s CPU (n/a%)

Start FSM inference.
Executing : FSM inference successfully. Time elapsed: 0.000s wall, 0.000s user + 0.000s system = 0.000s CPU (n/a%)

Start sdm2adm.
Executing : sdm2adm successfully. Time elapsed: 0.008s wall, 0.016s user + 0.000s system = 0.016s CPU (189.9%)

Saving design to DB.
Action compile: Real time elapsed is 0h:0m:3s
Action compile: CPU time elapsed is 0h:0m:1s
Action compile: Process CPU time elapsed is 0h:0m:1s
Current time: Fri Sep 11 11:40:53 2026
Action compile: Peak memory pool usage is 139 MB
Action from compile to compile: Total Real Time elapsed is 0h:0m:3s
Action from compile to compile: Total CPU time elapsed is 0h:0m:1s
Action from compile to compile: Total Process CPU Time elapsed is 0h:0m:1s
Process "Compile" done.


Process "Synthesize" started.
Current time: Fri Sep 11 11:40:57 2026
Compiling architecture definition.
Analyzing project file 'C:/Users/Admin/Workspace/DIC-demo/helloworld/helloworld.pds'.
License checkout: fabric_ads from C:\Program Files\Pango\license\new_pds_F4A80DA47D72.lic
Compiling verification operator library.
Compiling common defs.
Loading technology operator library.
Compiling technology operator library.
Compiling technology operator (valence) library.
Reading design from compile DB
Reading design from compile DB successfully.
NOTE: The technology fpga was specified.
NOTE: delay_model specified was generic_cmos.
NOTE: Using the fpga syntax tables...
Totals:
 Calls to malloc = 0
 Calls to calloc = 351433

Constraint check start.
W: ConstraintEditor-4019: Port 'a' unspecified I/O constraint.
W: ConstraintEditor-4019: Port 'b' unspecified I/O constraint.
W: ConstraintEditor-4019: Port 'c' unspecified I/O constraint.
W: ConstraintEditor-4019: Port 'out_and' unspecified I/O constraint.
W: ConstraintEditor-4019: Port 'out_or' unspecified I/O constraint.
W: ConstraintEditor-4019: Port 'out_xor' unspecified I/O constraint.
Constraint check end.

Start pre-mapping.
Executing : pre-mapping successfully. Time elapsed: 0.035s wall, 0.016s user + 0.031s system = 0.047s CPU (132.7%)

Start mod-gen.
Executing : mod-gen successfully. Time elapsed: 0.007s wall, 0.000s user + 0.000s system = 0.000s CPU (n/a%)

Start logic-optimization.
Executing : logic-optimization successfully. Time elapsed: 0.012s wall, 0.016s user + 0.000s system = 0.016s CPU (135.2%)

Start tech-mapping phase 1.
Executing : tech-mapping phase 1 successfully. Time elapsed: 0.000s wall, 0.000s user + 0.000s system = 0.000s CPU (n/a%)

Start tech-mapping phase 2.
Executing : tech-mapping phase 2 successfully. Time elapsed: 0.022s wall, 0.000s user + 0.047s system = 0.047s CPU (209.0%)

Start tech-optimization.
Executing : tech-optimization successfully. Time elapsed: 0.003s wall, 0.000s user + 0.000s system = 0.000s CPU (n/a%)

Start phys-optimization.
Executing : phys-optimization successfully. Time elapsed: 0.000s wall, 0.000s user + 0.000s system = 0.000s CPU (n/a%)

Start restore-hierarchy.
Executing : restore-hierarchy successfully. Time elapsed: 0.000s wall, 0.000s user + 0.000s system = 0.000s CPU (n/a%)


Cell Usage:
GTP_GRS                       1 use
GTP_LUT2                      3 uses

I/O ports: 6
GTP_INBUF                   2 uses
GTP_OUTBUF                  4 uses

Mapping Summary:
Total LUTs: 3 of 17536 (0.02%)
	LUTs as dram: 0 of 4440 (0.00%)
	LUTs as logic: 3
Total Registers: 0 of 26304 (0.00%)
Total Latches: 0

DRM18K:
Total DRM18K = 0.0 of 48 (0.00%)

APMs:
Total APMs = 0.00 of 30 (0.00%)

Total I/O ports = 6 of 240 (2.50%)


Overview of Control Sets:

Number of unique control sets : 0

Histogram:
*************************************************************
  Fanout     | Count    | Sync Set/Reset    Async Set/Reset
-------------------------------------------------------------
  [0, Inf)   | 0        | 0                 0
-------------------------------------------------------------
  The maximum fanout: 0
=============================================================

Flip-Flop Distribution:
************************************************************************
  Clock Enable    Sync Set/Reset    Async Set/Reset    Total Registers
------------------------------------------------------------------------
  NO              NO                NO                 0
  NO              NO                YES                0
  NO              YES               NO                 0
  YES             NO                NO                 0
  YES             NO                YES                0
  YES             YES               NO                 0
========================================================================

Latch Distribution:
************************************************
  Gate Enable    Preset/Clear    Total Latches
************************************************
  NO             NO              0
  NO             YES             0
  YES            NO              0
  YES            YES             0
************************************************

Design 'Test' has been successfully synthesized to architecture-specific objects.
Saving design to DB.
Saving design to Test_syn.vm
Constructing timing graph ...
Timing graph has been constructed successfully
W: Timing-4087: Port 'c' is not constrained, it is treated as combinational output.
W: Timing-4087: Port 'out_and' is not constrained, it is treated as combinational output.
W: Timing-4087: Port 'out_or' is not constrained, it is treated as combinational output.
W: Timing-4087: Port 'out_xor' is not constrained, it is treated as combinational output.
W: Timing-4086: Port 'a' is not constrained, it is treated as combinational input.
W: Timing-4086: Port 'b' is not constrained, it is treated as combinational input.
Action synthesize: Real time elapsed is 0h:0m:3s
Action synthesize: CPU time elapsed is 0h:0m:1s
Action synthesize: Process CPU time elapsed is 0h:0m:1s
Current time: Fri Sep 11 11:40:59 2026
Action synthesize: Peak memory pool usage is 155 MB
Action from compile to synthesize: Total Real Time elapsed is 0h:0m:6s
Action from compile to synthesize: Total CPU time elapsed is 0h:0m:2s
Action from compile to synthesize: Total Process CPU Time elapsed is 0h:0m:2s
Process "Synthesize" done.
Parse module hierarchy of project 'C:/Users/Admin/Workspace/DIC-demo/helloworld/temp_projects/Main_Flow/Main_Flow.pds' (ADS Parser)


Process "Synthesize" started.
Current time: Fri Sep 11 11:41:24 2026
Compiling architecture definition.
Analyzing project file 'C:/Users/Admin/Workspace/DIC-demo/helloworld/helloworld.pds'.
License checkout: fabric_ads from C:\Program Files\Pango\license\new_pds_F4A80DA47D72.lic
Compiling verification operator library.
Compiling common defs.
Loading technology operator library.
Compiling technology operator library.
Compiling technology operator (valence) library.
Reading design from compile DB
Reading design from compile DB successfully.
NOTE: The technology fpga was specified.
NOTE: delay_model specified was generic_cmos.
NOTE: Using the fpga syntax tables...
Totals:
 Calls to malloc = 0
 Calls to calloc = 351433

Constraint check start.
W: ConstraintEditor-4019: Port 'a' unspecified I/O constraint.
W: ConstraintEditor-4019: Port 'b' unspecified I/O constraint.
W: ConstraintEditor-4019: Port 'c' unspecified I/O constraint.
W: ConstraintEditor-4019: Port 'out_and' unspecified I/O constraint.
W: ConstraintEditor-4019: Port 'out_or' unspecified I/O constraint.
W: ConstraintEditor-4019: Port 'out_xor' unspecified I/O constraint.
Constraint check end.

Start pre-mapping.
Executing : pre-mapping successfully. Time elapsed: 0.032s wall, 0.000s user + 0.000s system = 0.000s CPU (n/a%)

Start mod-gen.
Executing : mod-gen successfully. Time elapsed: 0.006s wall, 0.000s user + 0.000s system = 0.000s CPU (n/a%)

Start logic-optimization.
Executing : logic-optimization successfully. Time elapsed: 0.016s wall, 0.016s user + 0.000s system = 0.016s CPU (96.9%)

Start tech-mapping phase 1.
Executing : tech-mapping phase 1 successfully. Time elapsed: 0.000s wall, 0.000s user + 0.000s system = 0.000s CPU (n/a%)

Start tech-mapping phase 2.
Executing : tech-mapping phase 2 successfully. Time elapsed: 0.026s wall, 0.000s user + 0.094s system = 0.094s CPU (356.7%)

Start tech-optimization.
Executing : tech-optimization successfully. Time elapsed: 0.004s wall, 0.000s user + 0.000s system = 0.000s CPU (n/a%)

Start phys-optimization.
Executing : phys-optimization successfully. Time elapsed: 0.000s wall, 0.000s user + 0.000s system = 0.000s CPU (n/a%)

Start restore-hierarchy.
Executing : restore-hierarchy successfully. Time elapsed: 0.000s wall, 0.000s user + 0.000s system = 0.000s CPU (n/a%)


Cell Usage:
GTP_GRS                       1 use
GTP_LUT2                      3 uses

I/O ports: 6
GTP_INBUF                   2 uses
GTP_OUTBUF                  4 uses

Mapping Summary:
Total LUTs: 3 of 17536 (0.02%)
	LUTs as dram: 0 of 4440 (0.00%)
	LUTs as logic: 3
Total Registers: 0 of 26304 (0.00%)
Total Latches: 0

DRM18K:
Total DRM18K = 0.0 of 48 (0.00%)

APMs:
Total APMs = 0.00 of 30 (0.00%)

Total I/O ports = 6 of 240 (2.50%)


Overview of Control Sets:

Number of unique control sets : 0

Histogram:
*************************************************************
  Fanout     | Count    | Sync Set/Reset    Async Set/Reset
-------------------------------------------------------------
  [0, Inf)   | 0        | 0                 0
-------------------------------------------------------------
  The maximum fanout: 0
=============================================================

Flip-Flop Distribution:
************************************************************************
  Clock Enable    Sync Set/Reset    Async Set/Reset    Total Registers
------------------------------------------------------------------------
  NO              NO                NO                 0
  NO              NO                YES                0
  NO              YES               NO                 0
  YES             NO                NO                 0
  YES             NO                YES                0
  YES             YES               NO                 0
========================================================================

Latch Distribution:
************************************************
  Gate Enable    Preset/Clear    Total Latches
************************************************
  NO             NO              0
  NO             YES             0
  YES            NO              0
  YES            YES             0
************************************************

Design 'Test' has been successfully synthesized to architecture-specific objects.
Saving design to DB.
Saving design to Test_syn.vm
Constructing timing graph ...
Timing graph has been constructed successfully
W: Timing-4087: Port 'c' is not constrained, it is treated as combinational output.
W: Timing-4087: Port 'out_and' is not constrained, it is treated as combinational output.
W: Timing-4087: Port 'out_or' is not constrained, it is treated as combinational output.
W: Timing-4087: Port 'out_xor' is not constrained, it is treated as combinational output.
W: Timing-4086: Port 'a' is not constrained, it is treated as combinational input.
W: Timing-4086: Port 'b' is not constrained, it is treated as combinational input.
Action synthesize: Real time elapsed is 0h:0m:2s
Action synthesize: CPU time elapsed is 0h:0m:0s
Action synthesize: Process CPU time elapsed is 0h:0m:1s
Current time: Fri Sep 11 11:41:25 2026
Action synthesize: Peak memory pool usage is 155 MB
Action from compile to synthesize: Total Real Time elapsed is 0h:0m:5s
Action from compile to synthesize: Total CPU time elapsed is 0h:0m:1s
Action from compile to synthesize: Total Process CPU Time elapsed is 0h:0m:2s
Process "Synthesize" done.
Parse module hierarchy of project 'C:/Users/Admin/Workspace/DIC-demo/helloworld/temp_projects/Main_Flow/Main_Flow.pds' (ADS Parser)


Process "Synthesize" started.
Current time: Fri Sep 11 11:42:06 2026
Compiling architecture definition.
Analyzing project file 'C:/Users/Admin/Workspace/DIC-demo/helloworld/helloworld.pds'.
License checkout: fabric_ads from C:\Program Files\Pango\license\new_pds_F4A80DA47D72.lic
Compiling verification operator library.
Compiling common defs.
Loading technology operator library.
Compiling technology operator library.
Compiling technology operator (valence) library.
Reading design from compile DB
Reading design from compile DB successfully.
NOTE: The technology fpga was specified.
NOTE: delay_model specified was generic_cmos.
NOTE: Using the fpga syntax tables...
Totals:
 Calls to malloc = 0
 Calls to calloc = 351433

Constraint check start.
W: ConstraintEditor-4019: Port 'a' unspecified I/O constraint.
W: ConstraintEditor-4019: Port 'b' unspecified I/O constraint.
W: ConstraintEditor-4019: Port 'c' unspecified I/O constraint.
W: ConstraintEditor-4019: Port 'out_and' unspecified I/O constraint.
W: ConstraintEditor-4019: Port 'out_or' unspecified I/O constraint.
W: ConstraintEditor-4019: Port 'out_xor' unspecified I/O constraint.
Constraint check end.

Start pre-mapping.
Executing : pre-mapping successfully. Time elapsed: 0.033s wall, 0.031s user + 0.000s system = 0.031s CPU (96.0%)

Start mod-gen.
Executing : mod-gen successfully. Time elapsed: 0.007s wall, 0.031s user + 0.016s system = 0.047s CPU (670.1%)

Start logic-optimization.
Executing : logic-optimization successfully. Time elapsed: 0.016s wall, 0.016s user + 0.000s system = 0.016s CPU (96.8%)

Start tech-mapping phase 1.
Executing : tech-mapping phase 1 successfully. Time elapsed: 0.000s wall, 0.000s user + 0.000s system = 0.000s CPU (n/a%)

Start tech-mapping phase 2.
Executing : tech-mapping phase 2 successfully. Time elapsed: 0.022s wall, 0.016s user + 0.031s system = 0.047s CPU (213.5%)

Start tech-optimization.
Executing : tech-optimization successfully. Time elapsed: 0.004s wall, 0.000s user + 0.000s system = 0.000s CPU (n/a%)

Start phys-optimization.
Executing : phys-optimization successfully. Time elapsed: 0.000s wall, 0.000s user + 0.000s system = 0.000s CPU (n/a%)

Start restore-hierarchy.
Executing : restore-hierarchy successfully. Time elapsed: 0.000s wall, 0.000s user + 0.000s system = 0.000s CPU (n/a%)


Cell Usage:
GTP_GRS                       1 use
GTP_LUT2                      3 uses

I/O ports: 6
GTP_INBUF                   2 uses
GTP_OUTBUF                  4 uses

Mapping Summary:
Total LUTs: 3 of 17536 (0.02%)
	LUTs as dram: 0 of 4440 (0.00%)
	LUTs as logic: 3
Total Registers: 0 of 26304 (0.00%)
Total Latches: 0

DRM18K:
Total DRM18K = 0.0 of 48 (0.00%)

APMs:
Total APMs = 0.00 of 30 (0.00%)

Total I/O ports = 6 of 240 (2.50%)


Overview of Control Sets:

Number of unique control sets : 0

Histogram:
*************************************************************
  Fanout     | Count    | Sync Set/Reset    Async Set/Reset
-------------------------------------------------------------
  [0, Inf)   | 0        | 0                 0
-------------------------------------------------------------
  The maximum fanout: 0
=============================================================

Flip-Flop Distribution:
************************************************************************
  Clock Enable    Sync Set/Reset    Async Set/Reset    Total Registers
------------------------------------------------------------------------
  NO              NO                NO                 0
  NO              NO                YES                0
  NO              YES               NO                 0
  YES             NO                NO                 0
  YES             NO                YES                0
  YES             YES               NO                 0
========================================================================

Latch Distribution:
************************************************
  Gate Enable    Preset/Clear    Total Latches
************************************************
  NO             NO              0
  NO             YES             0
  YES            NO              0
  YES            YES             0
************************************************

Design 'Test' has been successfully synthesized to architecture-specific objects.
Saving design to DB.
Saving design to Test_syn.vm
Constructing timing graph ...
Timing graph has been constructed successfully
W: Timing-4087: Port 'c' is not constrained, it is treated as combinational output.
W: Timing-4087: Port 'out_and' is not constrained, it is treated as combinational output.
W: Timing-4087: Port 'out_or' is not constrained, it is treated as combinational output.
W: Timing-4087: Port 'out_xor' is not constrained, it is treated as combinational output.
W: Timing-4086: Port 'a' is not constrained, it is treated as combinational input.
W: Timing-4086: Port 'b' is not constrained, it is treated as combinational input.
Action synthesize: Real time elapsed is 0h:0m:2s
Action synthesize: CPU time elapsed is 0h:0m:1s
Action synthesize: Process CPU time elapsed is 0h:0m:1s
Current time: Fri Sep 11 11:42:08 2026
Action synthesize: Peak memory pool usage is 153 MB
Action from compile to synthesize: Total Real Time elapsed is 0h:0m:5s
Action from compile to synthesize: Total CPU time elapsed is 0h:0m:2s
Action from compile to synthesize: Total Process CPU Time elapsed is 0h:0m:2s
Process "Synthesize" done.
Parse module hierarchy of project 'C:/Users/Admin/Workspace/DIC-demo/helloworld/temp_projects/Main_Flow/Main_Flow.pds' (ADS Parser)
Parse module hierarchy of project 'C:/Users/Admin/Workspace/DIC-demo/helloworld/temp_projects/Main_Flow/Main_Flow.pds' (ADS Parser)
Parse module hierarchy of project 'C:/Users/Admin/Workspace/DIC-demo/helloworld/temp_projects/Main_Flow/Main_Flow.pds' (ADS Parser)
Parse module hierarchy of project 'C:/Users/Admin/Workspace/DIC-demo/helloworld/temp_projects/Main_Flow/Main_Flow.pds' (ADS Parser)
Parse module hierarchy of project 'C:/Users/Admin/Workspace/DIC-demo/helloworld/temp_projects/Main_Flow/Main_Flow.pds' (ADS Parser)
Parse module hierarchy of project 'C:/Users/Admin/Workspace/DIC-demo/helloworld/temp_projects/Main_Flow/Main_Flow.pds' (ADS Parser)
