#Build: Fabric Compiler 2022.2-SP6.4, Build 146967, Jan 31 01:39 2024
#Install: C:\Program Files\Pango\PDS_2022.2-SP6.4\bin
#Application name: pds_shell.exe
#OS: Windows 10 10.0.26200
#Hostname: AXeonV-Laptop
Generated by Fabric Compiler (version 2022.2-SP6.4 build 146967) at Fri Sep 11 11:40:45 2026
License checkout: fabric_ads from C:\Program Files\Pango\license\new_pds_F4A80DA47D72.lic
Compiling verification operator library.
Compiling common defs.
Loading technology operator library.
Compiling technology operator library.
Compiling technology operator (valence) library.
Reading design from compile DB
Reading design from compile DB successfully.
Constraint check start.
W: ConstraintEditor-4019: Port 'a' unspecified I/O constraint.
W: ConstraintEditor-4019: Port 'b' unspecified I/O constraint.
W: ConstraintEditor-4019: Port 'c' unspecified I/O constraint.
W: ConstraintEditor-4019: Port 'out_and' unspecified I/O constraint.
W: ConstraintEditor-4019: Port 'out_or' unspecified I/O constraint.
W: ConstraintEditor-4019: Port 'out_xor' unspecified I/O constraint.
Constraint check end.

Start pre-mapping.
Executing : pre-mapping successfully. Time elapsed: 0.037s wall, 0.016s user + 0.000s system = 0.016s CPU (42.6%)

Start mod-gen.
Executing : mod-gen successfully. Time elapsed: 0.009s wall, 0.016s user + 0.000s system = 0.016s CPU (168.8%)

Start logic-optimization.
Executing : logic-optimization successfully. Time elapsed: 0.018s wall, 0.000s user + 0.016s system = 0.016s CPU (87.1%)

Start tech-mapping phase 1.
Executing : tech-mapping phase 1 successfully. Time elapsed: 0.000s wall, 0.000s user + 0.000s system = 0.000s CPU (n/a%)

Start tech-mapping phase 2.
Executing : tech-mapping phase 2 successfully. Time elapsed: 0.033s wall, 0.016s user + 0.016s system = 0.031s CPU (94.8%)

Start tech-optimization.
Executing : tech-optimization successfully. Time elapsed: 0.003s wall, 0.047s user + 0.016s system = 0.062s CPU (1948.3%)

Start phys-optimization.
Executing : phys-optimization successfully. Time elapsed: 0.000s wall, 0.000s user + 0.000s system = 0.000s CPU (n/a%)

Start restore-hierarchy.
Executing : restore-hierarchy successfully. Time elapsed: 0.000s wall, 0.000s user + 0.000s system = 0.000s CPU (n/a%)


Cell Usage:
GTP_GRS                       1 use
GTP_LUT2                      3 uses

I/O ports: 6
GTP_INBUF                   2 uses
GTP_OUTBUF                  4 uses

Mapping Summary:
Total LUTs: 3 of 17536 (0.02%)
	LUTs as dram: 0 of 4440 (0.00%)
	LUTs as logic: 3
Total Registers: 0 of 26304 (0.00%)
Total Latches: 0

DRM18K:
Total DRM18K = 0.0 of 48 (0.00%)

APMs:
Total APMs = 0.00 of 30 (0.00%)

Total I/O ports = 6 of 240 (2.50%)


Overview of Control Sets:

Number of unique control sets : 0

Histogram:
*************************************************************
  Fanout     | Count    | Sync Set/Reset    Async Set/Reset
-------------------------------------------------------------
  [0, Inf)   | 0        | 0                 0
-------------------------------------------------------------
  The maximum fanout: 0
=============================================================

Flip-Flop Distribution:
************************************************************************
  Clock Enable    Sync Set/Reset    Async Set/Reset    Total Registers
------------------------------------------------------------------------
  NO              NO                NO                 0
  NO              NO                YES                0
  NO              YES               NO                 0
  YES             NO                NO                 0
  YES             NO                YES                0
  YES             YES               NO                 0
========================================================================

Latch Distribution:
************************************************
  Gate Enable    Preset/Clear    Total Latches
************************************************
  NO             NO              0
  NO             YES             0
  YES            NO              0
  YES            YES             0
************************************************

Design 'Test' has been successfully synthesized to architecture-specific objects.
Saving design to DB.
Saving design to Test_syn.vm
Constructing timing graph ...
Timing graph has been constructed successfully
W: Timing-4087: Port 'c' is not constrained, it is treated as combinational output.
W: Timing-4087: Port 'out_and' is not constrained, it is treated as combinational output.
W: Timing-4087: Port 'out_or' is not constrained, it is treated as combinational output.
W: Timing-4087: Port 'out_xor' is not constrained, it is treated as combinational output.
W: Timing-4086: Port 'a' is not constrained, it is treated as combinational input.
W: Timing-4086: Port 'b' is not constrained, it is treated as combinational input.
Action synthesize: Real time elapsed is 0h:0m:2s
Action synthesize: CPU time elapsed is 0h:0m:1s
Action synthesize: Process CPU time elapsed is 0h:0m:1s
Current time: Fri Sep 11 11:40:45 2026
Action synthesize: Peak memory pool usage is 154 MB
