#Build: Fabric Compiler 2022.2-SP6.4, Build 146967, Jan 31 01:39 2024
#Install: C:\Program Files\Pango\PDS_2022.2-SP6.4\bin
#Application name: pds_shell.exe
#OS: Windows 10 10.0.26200
#Hostname: AXeonV-Laptop
Generated by Fabric Compiler (version 2022.2-SP6.4 build 146967) at Sun Sep 20 11:22:38 2026
License checkout: fabric_ads from C:\Program Files\Pango\license\new_pds_F4A80DA47D72.lic
Compiling verification operator library.
Loading technology operator library.
Compiling technology operator library.
Compiling technology operator (valence) library.
I: Enable Verilog2k features and keywords
Start rtl-analyze.
Executing : .rtl_analyze -work work -include_path {C:/Users/Admin/Workspace/DIC-demo/lab} C:/Users/Admin/Workspace/DIC-demo/lab/source/Lab2_Task1.v
I: Verilog-0001: Analyzing file C:/Users/Admin/Workspace/DIC-demo/lab/source/Lab2_Task1.v
I: Verilog-0002: [C:/Users/Admin/Workspace/DIC-demo/lab/source/Lab2_Task1.v(line number: 1)] Analyzing module Lab2_Task1 (library work)
Parsing done.
Executing : .rtl_analyze -work work -include_path {C:/Users/Admin/Workspace/DIC-demo/lab} C:/Users/Admin/Workspace/DIC-demo/lab/source/Lab2_Task1.v successfully.
Executing : .rtl_analyze -work work -include_path {C:/Users/Admin/Workspace/DIC-demo/lab} C:/Users/Admin/Workspace/DIC-demo/lab/source/Lab2_Task2.v
I: Verilog-0001: Analyzing file C:/Users/Admin/Workspace/DIC-demo/lab/source/Lab2_Task2.v
I: Verilog-0002: [C:/Users/Admin/Workspace/DIC-demo/lab/source/Lab2_Task2.v(line number: 1)] Analyzing module Lab2_Task2 (library work)
Parsing done.
Executing : .rtl_analyze -work work -include_path {C:/Users/Admin/Workspace/DIC-demo/lab} C:/Users/Admin/Workspace/DIC-demo/lab/source/Lab2_Task2.v successfully.
I: Module "Lab2_Task1" is set as top module.
Executing : rtl-analyze successfully. Time elapsed: 1.545s wall, 0.000s user + 0.000s system = 0.000s CPU (n/a%)

Start rtl-elaborate.
I: Verilog-0003: [C:/Users/Admin/Workspace/DIC-demo/lab/source/Lab2_Task1.v(line number: 1)] Elaborating module Lab2_Task1
Executing : rtl-elaborate successfully. Time elapsed: 0.001s wall, 0.000s user + 0.000s system = 0.000s CPU (n/a%)

Start rtl-prep.
Executing : rtl-prep successfully. Time elapsed: 0.001s wall, 0.000s user + 0.000s system = 0.000s CPU (n/a%)

Start rtl-infer.
Start DFF-inference.
Executing : DFF-inference successfully.
Executing : rtl-infer successfully. Time elapsed: 0.001s wall, 0.000s user + 0.000s system = 0.000s CPU (n/a%)

Start rtl-control-opt.
Executing : rtl-control-opt successfully. Time elapsed: 0.000s wall, 0.000s user + 0.000s system = 0.000s CPU (n/a%)

Start rtl-data-opt.
Executing : rtl-data-opt successfully. Time elapsed: 0.000s wall, 0.000s user + 0.000s system = 0.000s CPU (n/a%)

Start FSM inference.
Executing : FSM inference successfully. Time elapsed: 0.000s wall, 0.000s user + 0.000s system = 0.000s CPU (n/a%)

Start sdm2adm.
Executing : sdm2adm successfully. Time elapsed: 0.018s wall, 0.000s user + 0.000s system = 0.000s CPU (n/a%)

Saving design to DB.
Action compile: Real time elapsed is 0h:0m:3s
Action compile: CPU time elapsed is 0h:0m:1s
Action compile: Process CPU time elapsed is 0h:0m:1s
Current time: Sun Sep 20 11:22:40 2026
Action compile: Peak memory pool usage is 139 MB
